// Jest Snapshot v1, https://goo.gl/fbAQLP

exports[`TestPage test render 1`] = `
<textarea
  data-testid="textarea"
  placeholder="input text..."
/>
`;
